Message: Expecting property name enclosed in double quotes: line 2 column 1 (char 2)
Error Name: Other
Type: JSONDecodeError

Stacktrace:
```
Traceback (most recent call last):
  File "/usr/lib/python3.10/site-packages/ulauncher/ui/windows/PreferencesWindow.py", line 183, in on_scheme_callback
    resp = rt.dispatch(self, scheme_request.get_uri())
  File "/usr/lib/python3.10/site-packages/ulauncher/utils/Router.py", line 39, in dispatch
    return callback(context, query)
  File "/usr/lib/python3.10/site-packages/ulauncher/ui/windows/PreferencesWindow.py", line 362, in prefs_extension_add
    ext_id = downloader.download(url)
  File "/usr/lib/python3.10/site-packages/ulauncher/modes/extensions/ExtensionDownloader.py", line 75, in download
    commit_sha, commit_time = remote.get_latest_compatible_commit()
  File "/usr/lib/python3.10/site-packages/ulauncher/modes/extensions/ExtensionRemote.py", line 163, in get_latest_compatible_commit
    manifest = json.loads(self.fetch_file("manifest.json") or "{}")
  File "/usr/lib/python3.10/json/__init__.py", line 346, in loads
    return _default_decoder.decode(s)
  File "/usr/lib/python3.10/json/decoder.py", line 337, in decode
    obj, end = self.raw_decode(s, idx=_w(s, 0).end())
  File "/usr/lib/python3.10/json/decoder.py", line 353, in raw_decode
    obj, end = self.scan_once(s, idx)
json.decoder.JSONDecodeError: Expecting property name enclosed in double quotes: line 2 column 1 (char 2)

```